frame,timestamp_s,label,x1,y1,x2,y2,conf
0,0.000,None,3,144,115,320,0.905
1,0.000,None,298,136,319,319,0.532
2,0.000,chair,175,263,212,319,0.510
3,0.000,None,294,137,320,319,0.431
4,0.133,None,3,144,115,320,0.905
5,0.133,None,297,136,319,319,0.529
6,0.133,chair,175,263,212,319,0.492
7,0.133,None,294,137,320,319,0.463
8,0.267,None,3,144,115,320,0.903
9,0.267,None,297,136,319,319,0.540
10,0.267,chair,174,262,212,319,0.496
11,0.267,None,294,137,320,319,0.405
12,0.400,None,3,144,115,320,0.906
13,0.400,None,297,136,319,319,0.547
14,0.400,chair,174,262,212,319,0.486
15,0.400,None,294,137,320,319,0.449
16,0.533,None,3,144,114,320,0.905
17,0.533,None,298,136,319,319,0.546
18,0.533,chair,174,262,212,319,0.516
19,0.533,None,294,137,320,319,0.477
20,0.667,None,3,144,114,320,0.905
21,0.667,None,297,136,319,319,0.513
22,0.667,None,293,137,320,319,0.504
23,0.667,chair,174,262,211,319,0.500
24,0.800,None,3,143,114,320,0.905
25,0.800,None,293,137,320,319,0.527
26,0.800,chair,174,262,211,319,0.524
27,0.800,None,296,136,319,319,0.513
28,0.933,None,3,143,113,320,0.906
29,0.933,None,292,137,320,319,0.522
30,0.933,None,296,136,319,319,0.519
31,0.933,chair,174,262,211,319,0.493
32,1.067,None,3,143,113,320,0.906
33,1.067,None,292,137,320,319,0.529
34,1.067,None,296,136,319,319,0.510
35,1.067,chair,174,262,211,319,0.509
36,1.200,None,2,143,113,320,0.906
37,1.200,None,293,137,320,319,0.535
38,1.200,None,296,136,319,319,0.532
39,1.200,chair,163,262,211,319,0.447
40,1.200,chair,173,263,211,319,0.443
41,1.367,None,2,143,113,320,0.911
42,1.367,None,293,137,320,319,0.544
43,1.367,None,296,136,319,319,0.532
44,1.367,chair,171,263,211,319,0.480
45,1.367,chair,164,262,210,319,0.464
46,1.533,None,2,143,112,320,0.913
47,1.533,None,293,137,320,319,0.544
48,1.533,None,296,136,319,319,0.532
49,1.533,chair,171,263,211,319,0.487
50,1.533,chair,164,263,210,319,0.457
51,1.700,None,3,143,112,320,0.913
52,1.700,None,296,135,319,319,0.537
53,1.700,None,293,137,320,319,0.537
54,1.700,chair,170,263,211,319,0.490
55,1.700,chair,163,262,211,319,0.464
56,1.867,None,3,143,112,320,0.913
57,1.867,None,292,136,320,319,0.547
58,1.867,None,295,135,319,319,0.539
59,1.867,chair,167,263,211,319,0.511
60,1.867,chair,163,263,211,319,0.476
61,2.033,None,3,143,112,320,0.914
62,2.033,None,293,136,320,319,0.550
63,2.033,None,296,135,319,320,0.533
64,2.033,chair,163,263,211,319,0.499
65,2.033,chair,170,263,211,319,0.472
66,2.200,None,3,142,112,320,0.914
67,2.200,None,293,136,320,319,0.551
68,2.200,None,296,135,319,320,0.534
69,2.200,chair,162,262,211,319,0.499
70,2.333,None,3,141,112,320,0.914
71,2.333,None,292,136,320,319,0.551
72,2.333,None,295,135,319,320,0.530
73,2.333,chair,162,262,211,319,0.521
74,2.467,None,3,141,112,320,0.914
75,2.467,chair,164,262,211,319,0.593
76,2.467,None,292,136,320,319,0.547
77,2.467,None,295,135,319,320,0.525
78,2.600,None,2,141,111,320,0.911
79,2.600,chair,165,263,211,319,0.593
80,2.600,None,292,136,320,319,0.536
81,2.600,None,295,135,319,320,0.527
82,2.733,None,3,140,110,320,0.909
83,2.733,chair,165,263,211,319,0.604
84,2.733,None,292,136,320,319,0.547
85,2.733,None,295,135,319,320,0.521
86,2.733,chair,266,261,302,319,0.366
87,2.900,None,3,140,110,320,0.907
88,2.900,chair,165,263,211,319,0.602
89,2.900,None,292,136,320,319,0.541
90,2.900,None,295,135,319,320,0.522
91,2.900,chair,266,261,303,319,0.368
92,3.067,None,3,138,109,320,0.907
93,3.067,chair,166,263,211,319,0.588
94,3.067,None,292,137,320,319,0.545
95,3.067,None,294,136,319,320,0.509
96,3.067,chair,266,261,303,319,0.363
97,3.233,None,3,136,108,320,0.907
98,3.233,chair,166,263,211,319,0.584
99,3.233,None,292,136,320,319,0.543
100,3.233,None,294,135,319,320,0.523
101,3.367,None,3,136,107,320,0.910
102,3.367,chair,165,263,211,319,0.603
103,3.367,None,294,135,319,319,0.549
104,3.367,None,292,136,320,319,0.548
105,3.500,None,3,135,107,320,0.904
106,3.500,chair,164,263,211,319,0.625
107,3.500,None,292,137,320,319,0.557
108,3.500,None,294,136,319,319,0.545
109,3.500,chair,266,261,303,319,0.350
110,3.667,None,3,133,105,320,0.905
111,3.667,chair,164,263,211,319,0.641
112,3.667,None,294,135,319,319,0.554
113,3.667,None,292,136,320,319,0.549
114,3.800,None,2,133,103,320,0.906
115,3.800,chair,164,263,212,319,0.660
116,3.800,None,294,135,319,320,0.556
117,3.800,None,292,136,320,319,0.542
118,3.933,None,2,133,102,319,0.921
119,3.933,chair,163,263,212,319,0.657
120,3.933,None,294,135,319,320,0.560
121,3.933,None,292,136,320,319,0.539
122,4.067,None,2,133,101,319,0.919
123,4.067,chair,163,263,212,319,0.637
124,4.067,None,294,135,319,319,0.566
125,4.067,None,292,136,320,319,0.538
126,4.200,None,1,132,100,319,0.918
127,4.200,chair,163,263,211,319,0.646
128,4.200,None,295,135,319,319,0.576
129,4.200,None,292,136,320,319,0.543
130,4.333,None,0,130,100,319,0.924
131,4.333,chair,163,263,211,319,0.641
132,4.333,None,295,135,319,319,0.560
133,4.333,None,292,136,320,319,0.555
134,4.467,None,0,130,99,319,0.928
135,4.467,chair,163,263,211,319,0.617
136,4.467,None,294,135,319,319,0.561
137,4.467,None,292,136,320,319,0.561
138,4.600,None,0,129,98,319,0.933
139,4.600,chair,163,263,211,319,0.639
140,4.600,None,294,135,319,320,0.558
141,4.600,None,292,136,320,319,0.555
142,4.733,None,0,128,98,319,0.929
143,4.733,chair,163,263,211,319,0.643
144,4.733,None,295,135,319,319,0.562
145,4.733,None,292,137,320,319,0.545
146,4.867,None,0,127,98,319,0.930
147,4.867,chair,164,263,211,319,0.630
148,4.867,None,294,135,319,319,0.564
149,4.867,None,292,137,320,319,0.547
150,5.000,None,0,126,98,319,0.931
151,5.000,chair,164,263,211,319,0.632
152,5.000,None,294,135,319,319,0.567
153,5.000,None,292,137,320,319,0.538
154,5.133,None,0,126,98,319,0.918
155,5.133,chair,165,263,211,319,0.602
156,5.133,None,294,135,319,319,0.565
157,5.133,None,292,136,320,319,0.528
158,5.267,None,0,126,97,319,0.914
159,5.267,None,294,135,319,319,0.561
160,5.267,chair,167,263,211,319,0.547
161,5.267,None,292,136,320,319,0.541
162,5.400,None,0,124,97,319,0.919
163,5.400,chair,165,263,211,319,0.599
164,5.400,None,294,136,319,319,0.565
165,5.400,None,292,137,320,319,0.543
166,5.533,None,0,124,97,319,0.925
167,5.533,chair,165,263,212,319,0.620
168,5.533,None,295,135,319,319,0.573
169,5.533,None,293,137,320,319,0.541
170,5.667,None,0,124,97,319,0.923
171,5.667,chair,165,263,212,319,0.599
172,5.667,None,295,135,319,319,0.555
173,5.667,None,293,137,320,319,0.550
174,5.800,None,0,123,97,319,0.921
175,5.800,chair,165,263,212,319,0.617
176,5.800,None,295,135,319,320,0.561
177,5.800,None,293,137,320,319,0.546
178,5.933,None,0,123,97,319,0.927
179,5.933,chair,165,263,212,319,0.614
180,5.933,None,295,135,319,320,0.543
181,5.933,None,292,137,320,319,0.541
182,6.067,None,0,122,96,319,0.924
183,6.067,chair,165,263,212,319,0.608
184,6.067,None,295,135,319,320,0.548
185,6.067,None,292,137,320,319,0.533
186,6.200,None,0,122,96,319,0.927
187,6.200,chair,165,263,212,319,0.623
188,6.200,None,294,135,319,319,0.545
189,6.200,None,292,137,320,319,0.531
190,6.333,None,0,122,96,319,0.928
191,6.333,chair,165,263,212,319,0.612
192,6.333,None,295,135,319,320,0.552
193,6.333,None,292,136,320,319,0.529
194,6.467,None,0,122,95,319,0.928
195,6.467,chair,165,263,211,319,0.586
196,6.467,None,295,135,319,319,0.553
197,6.467,None,292,136,320,319,0.524
198,6.600,None,0,122,95,319,0.926
199,6.600,chair,165,263,212,319,0.594
200,6.600,None,295,135,319,319,0.560
201,6.600,None,292,136,320,319,0.522
202,6.733,None,0,121,94,319,0.929
203,6.733,chair,165,263,212,319,0.591
204,6.733,None,295,135,319,320,0.552
205,6.733,None,292,136,320,319,0.533
206,6.867,None,0,121,94,319,0.928
207,6.867,chair,165,263,212,319,0.596
208,6.867,None,295,135,319,320,0.559
209,6.867,None,292,136,320,319,0.533
210,7.000,None,0,120,93,319,0.923
211,7.000,chair,165,263,212,319,0.591
212,7.000,None,295,135,319,319,0.552
213,7.000,None,292,136,320,319,0.527
214,7.133,None,0,118,93,319,0.920
215,7.133,chair,165,263,212,319,0.559
216,7.133,None,295,135,319,319,0.557
217,7.133,None,292,136,320,319,0.521
218,7.267,None,0,117,92,319,0.914
219,7.267,chair,164,263,212,319,0.592
220,7.267,None,295,135,319,320,0.561
221,7.267,None,292,136,320,319,0.530
222,7.400,None,0,117,91,319,0.917
223,7.400,chair,165,263,212,319,0.570
224,7.400,None,295,135,319,320,0.566
225,7.400,None,293,136,320,319,0.532
226,7.533,None,0,117,89,319,0.920
227,7.533,None,295,135,319,319,0.574
228,7.533,chair,164,263,212,319,0.564
229,7.533,None,293,136,320,319,0.530
230,7.533,chair,162,262,211,319,0.413
231,7.700,None,0,117,87,319,0.922
232,7.700,None,295,135,319,320,0.573
233,7.700,None,293,136,320,319,0.527
234,7.700,chair,162,262,211,319,0.510
235,7.833,None,0,118,86,319,0.921
236,7.833,None,295,135,319,319,0.574
237,7.833,None,293,136,320,319,0.516
238,7.833,chair,162,262,211,319,0.514
239,7.967,None,0,118,85,319,0.916
240,7.967,None,295,135,319,319,0.581
241,7.967,chair,165,263,212,319,0.573
242,7.967,None,293,136,320,319,0.506
243,8.100,None,0,118,84,319,0.919
244,8.100,None,295,134,319,319,0.569
245,8.100,chair,165,263,212,319,0.563
246,8.100,None,293,136,320,319,0.508
247,8.233,None,0,119,84,319,0.918
248,8.233,chair,165,263,212,319,0.579
249,8.233,None,295,134,319,319,0.550
250,8.233,None,293,136,320,319,0.504
251,8.367,None,0,119,82,319,0.922
252,8.367,chair,166,263,212,319,0.571
253,8.367,None,296,135,319,319,0.561
254,8.367,None,293,136,320,319,0.498
255,8.500,None,0,120,82,319,0.916
256,8.500,chair,165,263,212,319,0.587
257,8.500,None,296,135,319,319,0.571
258,8.500,None,293,136,320,319,0.495
259,8.633,None,0,119,83,319,0.918
260,8.633,chair,165,263,212,319,0.579
261,8.633,None,296,135,319,319,0.574
262,8.633,None,293,136,320,319,0.484
263,8.767,None,0,118,84,319,0.922
264,8.767,chair,165,263,212,319,0.581
265,8.767,None,296,135,319,319,0.569
266,8.767,None,293,136,320,319,0.493
267,8.900,None,0,116,84,319,0.927
268,8.900,chair,165,263,212,319,0.581
269,8.900,None,295,135,319,319,0.575
270,8.900,None,293,136,320,319,0.492
271,9.033,None,0,116,86,319,0.927
272,9.033,None,296,135,319,319,0.575
273,9.033,chair,162,262,212,319,0.493
274,9.033,None,293,136,320,319,0.484
275,9.033,chair,166,263,212,319,0.484
276,9.200,None,0,114,86,319,0.930
277,9.200,None,296,135,319,319,0.576
278,9.200,chair,166,263,212,319,0.523
279,9.200,None,293,136,320,319,0.491
280,9.333,None,0,112,88,319,0.936
281,9.333,None,297,135,319,319,0.583
282,9.333,chair,166,263,212,319,0.542
283,9.333,None,293,136,320,319,0.497
284,9.467,None,0,109,88,319,0.936
285,9.467,None,297,135,319,319,0.586
286,9.467,chair,166,263,212,319,0.519
287,9.467,None,294,136,320,319,0.499
288,9.600,None,0,106,88,319,0.935
289,9.600,None,297,135,319,319,0.585
290,9.600,None,294,136,320,319,0.481
291,9.600,chair,163,262,211,319,0.480
292,9.600,chair,167,263,212,319,0.441
293,9.767,None,0,104,86,319,0.938
294,9.767,None,297,135,319,319,0.582
295,9.767,chair,166,263,212,319,0.538
296,9.767,None,294,136,320,319,0.490
297,9.900,None,0,102,87,319,0.938
298,9.900,chair,164,263,212,319,0.610
299,9.900,None,296,135,319,319,0.572
300,9.900,None,294,136,319,319,0.519
301,10.033,None,0,100,87,319,0.937
302,10.033,chair,165,263,212,319,0.573
303,10.033,None,296,135,319,320,0.548
304,10.033,None,293,136,319,319,0.529
305,10.167,None,0,99,87,319,0.926
306,10.167,chair,164,263,212,319,0.583
307,10.167,None,295,135,319,319,0.565
308,10.167,None,293,136,320,319,0.519
309,10.300,None,0,98,87,319,0.925
310,10.300,chair,164,263,212,319,0.610
311,10.300,None,295,135,319,319,0.574
312,10.300,None,293,137,320,319,0.510
313,10.433,None,0,97,87,319,0.928
314,10.433,chair,164,263,212,319,0.601
315,10.433,None,295,136,319,319,0.575
316,10.433,None,293,137,320,319,0.512
317,10.567,None,0,96,88,318,0.924
318,10.567,chair,164,263,212,319,0.580
319,10.567,None,295,136,319,319,0.567
320,10.567,None,293,137,320,319,0.503
321,10.700,None,0,95,88,318,0.925
322,10.700,chair,164,263,212,319,0.621
323,10.700,None,294,136,319,319,0.567
324,10.700,None,293,137,320,319,0.485
325,10.833,None,0,94,87,319,0.927
326,10.833,chair,163,263,212,319,0.615
327,10.833,None,294,136,319,319,0.556
328,10.833,None,292,137,320,319,0.497
329,10.967,None,0,94,87,318,0.926
330,10.967,chair,164,263,212,319,0.611
331,10.967,None,294,136,319,319,0.551
332,10.967,None,293,137,320,319,0.523
333,11.100,None,0,93,87,318,0.927
334,11.100,chair,163,263,212,319,0.604
335,11.100,None,295,136,319,319,0.544
336,11.100,None,293,137,320,319,0.529
337,11.233,None,0,93,87,319,0.928
338,11.233,chair,163,263,212,319,0.579
339,11.233,None,295,136,319,319,0.557
340,11.233,None,293,137,319,319,0.532
341,11.367,None,0,94,88,319,0.928
342,11.367,chair,163,263,212,319,0.596
343,11.367,None,293,137,319,319,0.539
344,11.367,None,295,136,319,319,0.536
345,11.500,None,0,95,87,319,0.929
346,11.500,chair,162,263,212,319,0.533
347,11.500,None,293,137,319,319,0.530
348,11.500,None,295,136,319,319,0.527
349,11.633,None,0,98,87,319,0.928
350,11.633,None,293,137,319,319,0.530
351,11.633,chair,162,263,212,319,0.526
352,11.633,None,295,136,319,319,0.524
353,11.767,None,0,100,87,319,0.929
354,11.767,chair,162,263,211,319,0.535
355,11.767,None,293,137,319,319,0.534
356,11.767,None,295,136,319,319,0.533
357,11.900,None,0,103,87,319,0.925
358,11.900,chair,165,263,212,319,0.579
359,11.900,None,295,136,319,319,0.539
360,11.900,None,293,137,320,319,0.512
361,12.033,None,0,107,87,319,0.922
362,12.033,chair,165,263,212,319,0.592
363,12.033,None,295,136,319,319,0.545
364,12.033,None,293,137,320,319,0.514
365,12.167,None,0,111,87,319,0.919
366,12.167,chair,165,263,212,319,0.601
367,12.167,None,296,136,319,319,0.547
368,12.167,None,293,137,320,319,0.523
369,12.300,None,0,115,89,320,0.926
370,12.300,chair,166,263,212,319,0.593
371,12.300,None,295,135,319,319,0.545
372,12.300,None,293,137,320,319,0.529
373,12.433,None,0,117,90,320,0.923
374,12.433,chair,166,263,212,319,0.600
375,12.433,None,296,135,319,319,0.532
376,12.433,None,293,137,320,319,0.526
377,12.567,None,0,119,91,320,0.924
378,12.567,None,293,137,320,319,0.531
379,12.567,None,296,135,319,319,0.521
380,12.567,chair,169,263,212,319,0.502
381,12.567,chair,163,263,211,319,0.483
382,12.733,None,0,121,92,320,0.927
383,12.733,None,292,136,320,319,0.528
384,12.733,None,295,135,319,319,0.495
385,12.733,chair,171,263,212,319,0.484
386,12.733,chair,163,262,211,319,0.465
387,12.900,None,0,121,93,320,0.927
388,12.900,None,292,136,320,319,0.513
389,12.900,None,295,135,319,319,0.497
390,12.900,chair,163,262,211,319,0.495
391,12.900,chair,170,263,212,319,0.493
392,13.067,None,0,121,95,320,0.933
393,13.067,chair,169,263,212,319,0.542
394,13.067,None,296,135,319,319,0.523
395,13.067,None,293,136,320,319,0.511
396,13.200,None,0,121,96,320,0.935
397,13.200,None,296,135,319,319,0.544
398,13.200,chair,169,263,212,319,0.503
399,13.200,None,293,137,319,319,0.500
400,13.200,chair,163,262,212,319,0.456
401,13.367,None,0,120,97,320,0.935
402,13.367,None,296,135,319,319,0.552
403,13.367,None,293,136,319,319,0.509
404,13.367,chair,169,263,212,319,0.490
405,13.367,chair,163,262,212,319,0.452
406,13.533,None,0,120,99,320,0.933
407,13.533,None,295,135,319,319,0.543
408,13.533,None,293,136,320,319,0.505
409,13.533,chair,169,263,212,319,0.494
410,13.533,chair,163,262,212,319,0.454
411,13.700,None,0,120,100,320,0.931
412,13.700,None,295,135,319,319,0.536
413,13.700,None,292,136,320,319,0.484
414,13.700,chair,168,263,212,319,0.477
415,13.700,chair,163,262,212,319,0.467
416,13.867,None,0,119,102,320,0.933
417,13.867,None,295,135,319,319,0.543
418,13.867,None,292,136,320,319,0.487
419,13.867,chair,167,263,212,319,0.487
420,13.867,chair,163,262,212,319,0.460
421,14.033,None,0,119,103,319,0.926
422,14.033,None,295,135,319,319,0.529
423,14.033,None,292,136,319,319,0.473
424,14.033,chair,163,262,212,319,0.446
425,14.167,None,0,119,105,320,0.937
426,14.167,None,295,135,319,319,0.533
427,14.167,None,292,137,319,319,0.481
428,14.167,chair,162,262,212,319,0.453
429,14.300,None,0,117,106,320,0.941
430,14.300,None,295,135,319,319,0.542
431,14.300,chair,162,262,212,319,0.496
432,14.300,None,292,137,319,319,0.492
433,14.433,None,0,114,107,320,0.942
434,14.433,None,294,135,319,319,0.539
435,14.433,None,292,137,319,319,0.513
436,14.433,chair,162,262,212,319,0.492
437,14.433,chair,166,263,212,319,0.365
438,14.600,None,0,110,108,320,0.945
439,14.600,None,295,135,319,319,0.541
440,14.600,chair,166,263,212,319,0.527
441,14.600,None,292,136,320,319,0.496
442,14.600,chair,162,263,212,319,0.483
443,14.767,None,0,107,109,319,0.945
444,14.767,chair,165,263,212,319,0.571
445,14.767,None,295,135,319,319,0.540
446,14.767,None,292,136,320,319,0.491
447,14.900,None,0,103,111,319,0.948
448,14.900,None,295,135,319,319,0.534
449,14.900,chair,166,263,212,319,0.527
450,14.900,None,293,136,320,320,0.492
451,15.033,None,0,98,112,319,0.949
452,15.033,chair,166,263,212,319,0.552
453,15.033,None,295,135,319,319,0.552
454,15.033,None,293,136,320,320,0.479
455,15.167,None,0,93,113,319,0.952
456,15.167,None,296,135,319,319,0.566
457,15.167,None,293,136,320,320,0.473
458,15.167,chair,162,263,211,319,0.442
459,15.167,chair,169,263,212,319,0.428
460,15.333,None,0,87,113,319,0.952
461,15.333,None,297,135,319,319,0.557
462,15.333,None,293,136,320,320,0.483
463,15.333,chair,168,263,212,319,0.476
464,15.333,chair,162,263,211,319,0.457
465,15.500,None,0,83,113,319,0.951
466,15.500,None,296,135,319,319,0.550
467,15.500,None,293,136,320,319,0.494
468,15.500,chair,168,263,212,319,0.480
469,15.500,chair,162,263,211,319,0.462
470,15.667,None,0,77,113,319,0.949
471,15.667,None,296,135,319,320,0.546
472,15.667,None,293,137,320,320,0.500
473,15.667,chair,162,263,211,319,0.444
474,15.667,chair,169,263,212,319,0.433
475,15.833,None,0,73,113,319,0.951
476,15.833,None,297,135,319,320,0.520
477,15.833,None,293,136,320,320,0.483
478,15.833,chair,163,263,211,319,0.440
479,15.833,chair,169,263,212,319,0.421
480,16.000,None,0,67,112,319,0.947
481,16.000,None,297,135,319,320,0.500
482,16.000,None,293,136,320,320,0.488
483,16.000,chair,163,263,211,319,0.429
484,16.000,chair,170,263,212,319,0.417
485,16.167,None,0,62,111,320,0.947
486,16.167,None,293,137,319,320,0.495
487,16.167,None,296,136,319,320,0.493
488,16.167,chair,163,263,211,319,0.446
489,16.167,chair,170,263,212,319,0.421
490,16.333,None,0,55,111,319,0.946
491,16.333,None,292,136,319,320,0.471
492,16.333,None,296,135,319,320,0.468
493,16.333,chair,163,263,211,319,0.445
494,16.333,chair,170,263,212,319,0.384
495,16.500,None,0,50,110,319,0.945
496,16.500,chair,166,263,212,319,0.529
497,16.500,None,297,134,319,320,0.459
498,16.500,None,293,136,319,320,0.458
499,16.633,None,0,44,109,319,0.941
500,16.633,chair,167,263,212,319,0.502
501,16.633,None,298,135,319,320,0.473
502,16.633,None,293,136,319,320,0.448
503,16.767,None,1,39,108,319,0.940
504,16.767,chair,167,263,212,319,0.481
505,16.767,None,297,134,319,320,0.471
506,16.767,None,292,135,319,320,0.448
507,16.900,None,2,34,107,319,0.940
508,16.900,None,301,135,319,319,0.480
509,16.900,chair,162,262,211,319,0.468
510,16.900,chair,169,263,212,319,0.412
511,16.900,None,294,136,319,320,0.382
512,17.067,None,2,30,106,319,0.940
513,17.067,chair,163,263,211,319,0.448
514,17.067,None,302,135,319,319,0.408
515,17.067,chair,169,263,212,319,0.388
516,17.200,None,2,27,104,319,0.936
517,17.200,chair,163,262,211,319,0.432
518,17.200,chair,170,263,212,319,0.367
519,17.300,None,3,26,103,319,0.935
520,17.300,chair,162,262,211,319,0.434
521,17.367,None,3,25,101,319,0.935
522,17.367,chair,162,262,211,319,0.424
523,17.433,None,3,25,100,319,0.938
524,17.433,chair,162,262,211,319,0.432
525,17.500,None,4,25,99,319,0.940
526,17.500,chair,162,263,211,319,0.445
527,17.500,None,290,230,319,319,0.351
528,17.600,None,6,24,98,319,0.926
529,17.600,None,290,234,319,319,0.448
530,17.600,chair,162,262,211,319,0.439
531,17.700,None,8,24,97,319,0.919
532,17.700,None,290,236,319,319,0.493
533,17.700,chair,162,262,211,319,0.466
534,17.800,None,9,23,97,319,0.917
535,17.800,chair,162,262,211,319,0.472
536,17.800,None,291,237,319,319,0.356
537,17.900,None,9,23,97,319,0.922
538,17.900,None,291,238,319,319,0.488
539,17.900,chair,162,262,211,319,0.460
540,18.000,None,10,24,98,319,0.924
541,18.000,None,291,239,319,319,0.726
542,18.000,chair,162,262,211,319,0.398
543,18.100,None,11,24,99,319,0.923
544,18.100,None,292,238,319,319,0.702
545,18.100,chair,162,262,211,319,0.393
546,18.200,None,13,26,99,319,0.922
547,18.200,None,292,238,319,319,0.699
548,18.200,chair,162,262,211,319,0.384
549,18.300,None,15,28,100,318,0.922
550,18.300,None,292,238,319,319,0.732
551,18.300,couch,0,253,24,319,0.431
552,18.300,chair,163,262,211,319,0.389
553,18.433,None,15,30,101,318,0.916
554,18.433,None,292,238,319,319,0.759
555,18.433,chair,163,262,211,319,0.397
556,18.533,None,19,33,102,319,0.909
557,18.533,None,292,238,319,319,0.739
558,18.533,chair,163,262,211,319,0.383
559,18.633,None,23,36,105,319,0.908
560,18.633,None,291,238,319,319,0.740
561,18.700,None,26,40,108,319,0.911
562,18.700,None,290,238,319,319,0.686
563,18.700,chair,0,255,28,319,0.409
564,18.800,None,30,44,111,316,0.922
565,18.800,None,290,238,319,319,0.679
566,18.800,chair,0,254,29,319,0.399
567,18.900,None,32,49,112,316,0.928
568,18.900,None,289,239,319,319,0.711
569,18.967,None,26,52,114,317,0.930
570,18.967,None,289,238,319,319,0.718
571,19.033,None,19,55,119,314,0.930
572,19.033,None,289,238,319,319,0.709
573,19.033,couch,0,253,31,319,0.375
574,19.133,None,16,56,125,311,0.925
575,19.133,None,289,237,319,319,0.711
576,19.133,chair,0,253,33,319,0.417
577,19.233,None,11,57,135,317,0.930
578,19.233,None,289,237,319,319,0.688
579,19.233,chair,0,254,34,319,0.525
580,19.233,chair,172,263,212,319,0.360
581,19.367,None,9,56,143,315,0.931
582,19.367,None,288,234,319,319,0.671
583,19.367,chair,0,254,37,319,0.560
584,19.367,chair,164,262,211,319,0.397
585,19.367,chair,171,263,212,319,0.397
586,19.533,None,10,54,148,314,0.932
587,19.533,None,288,229,319,319,0.661
588,19.533,chair,0,254,38,319,0.461
589,19.533,chair,172,263,212,319,0.396
590,19.533,chair,165,263,211,319,0.350
591,19.700,None,12,52,153,312,0.932
592,19.700,None,288,223,319,319,0.673
593,19.700,chair,0,254,36,319,0.585
594,19.700,chair,171,262,211,319,0.410
595,19.700,chair,164,262,210,319,0.370
596,19.867,None,14,50,177,316,0.946
597,19.867,None,288,216,319,319,0.740
598,19.867,chair,0,254,36,319,0.570
599,19.867,chair,163,262,210,319,0.420
600,19.867,chair,171,262,212,319,0.398
601,20.033,None,18,47,176,316,0.946
602,20.033,None,288,208,319,319,0.752
603,20.033,chair,0,254,36,319,0.613
604,20.033,chair,164,262,210,319,0.385
605,20.033,chair,171,262,211,319,0.383
606,20.200,None,22,45,178,311,0.948
607,20.200,None,288,202,319,319,0.753
608,20.200,chair,0,254,36,319,0.609
609,20.200,chair,163,262,210,320,0.456
610,20.200,chair,170,262,211,319,0.419
611,20.367,None,26,45,176,309,0.953
612,20.367,None,289,195,319,320,0.641
613,20.367,chair,0,254,37,319,0.612
614,20.367,chair,163,262,211,319,0.457
615,20.367,chair,170,263,212,319,0.429
616,20.367,chair,265,263,295,319,0.355
617,20.567,None,29,46,175,309,0.951
618,20.567,chair,0,254,36,319,0.559
619,20.567,chair,164,262,211,319,0.426
620,20.567,chair,171,263,212,319,0.415
621,20.567,None,289,135,320,320,0.359
622,20.733,None,29,47,175,308,0.953
623,20.733,chair,0,255,36,319,0.586
624,20.733,None,288,134,320,320,0.546
625,20.733,chair,172,263,212,319,0.401
626,20.733,chair,265,263,295,319,0.364
627,20.733,chair,165,262,210,319,0.361
628,20.933,None,29,51,173,308,0.951
629,20.933,chair,0,254,36,319,0.596
630,20.933,None,288,132,319,320,0.520
631,20.933,chair,173,263,212,319,0.370
632,21.067,None,28,55,172,308,0.949
633,21.067,None,286,130,319,319,0.631
634,21.067,chair,0,254,36,319,0.558
635,21.067,chair,164,262,211,319,0.370
636,21.200,None,26,59,172,308,0.946
637,21.200,None,280,131,319,319,0.843
638,21.200,chair,0,254,36,319,0.558
639,21.200,chair,163,262,211,319,0.388
640,21.333,None,24,63,175,308,0.950
641,21.333,None,277,131,319,319,0.871
642,21.333,chair,0,254,36,319,0.577
643,21.333,chair,162,262,211,319,0.381
644,21.467,None,19,65,176,308,0.948
645,21.467,None,271,131,319,319,0.876
646,21.467,chair,0,254,36,319,0.575
647,21.467,chair,162,262,211,319,0.365
648,21.600,None,16,64,182,307,0.945
649,21.600,None,270,132,319,319,0.884
650,21.600,chair,0,254,36,319,0.562
651,21.700,None,13,61,186,307,0.948
652,21.700,None,267,133,319,319,0.865
653,21.700,chair,0,254,36,319,0.541
654,21.700,None,267,135,319,319,0.394
655,21.700,couch,0,254,36,319,0.351
656,21.867,None,11,58,189,306,0.926
657,21.867,None,265,133,319,320,0.867
658,21.867,chair,0,254,36,319,0.541
659,21.867,chair,163,262,211,319,0.362
660,21.867,None,265,133,319,319,0.356
661,22.033,None,8,54,186,305,0.942
662,22.033,None,264,132,319,320,0.890
663,22.033,chair,0,254,36,319,0.584
664,22.033,chair,173,262,212,319,0.364
665,22.167,None,11,52,181,306,0.947
666,22.167,None,262,129,319,320,0.896
667,22.167,chair,0,254,36,319,0.586
668,22.167,chair,173,263,212,319,0.398
669,22.300,None,20,51,179,306,0.936
670,22.300,None,259,126,319,320,0.896
671,22.300,chair,0,254,36,319,0.572
672,22.300,chair,173,263,212,319,0.399
673,22.433,None,24,52,169,306,0.919
674,22.433,None,257,120,319,320,0.891
675,22.433,chair,0,254,36,319,0.629
676,22.433,chair,173,263,212,319,0.391
677,22.567,None,31,53,151,305,0.931
678,22.567,None,256,112,319,320,0.891
679,22.567,chair,0,254,36,319,0.597
680,22.667,None,35,56,150,305,0.907
681,22.667,None,256,102,319,319,0.903
682,22.667,chair,0,254,36,318,0.589
683,22.767,None,42,60,142,306,0.913
684,22.767,None,254,93,319,319,0.893
685,22.767,chair,0,254,36,319,0.571
686,22.867,None,49,66,139,305,0.910
687,22.867,None,249,84,319,319,0.898
688,22.867,chair,0,254,36,318,0.563
689,22.967,None,49,70,140,305,0.915
690,22.967,None,246,78,319,319,0.909
691,22.967,chair,0,254,36,318,0.557
692,23.067,None,48,72,143,306,0.917
693,23.067,None,244,70,319,319,0.902
694,23.067,chair,0,254,36,318,0.524
695,23.167,None,41,72,149,307,0.909
696,23.167,None,242,63,319,319,0.881
697,23.167,chair,0,254,36,319,0.479
698,23.167,None,267,198,319,319,0.370
699,23.300,None,34,70,152,306,0.889
700,23.300,None,240,56,319,319,0.887
701,23.300,chair,0,254,36,318,0.501
702,23.400,None,238,49,319,319,0.900
703,23.400,None,30,66,152,306,0.892
704,23.400,chair,0,254,36,319,0.580
705,23.500,None,235,43,319,319,0.900
706,23.500,None,28,61,177,306,0.898
707,23.500,chair,0,254,36,319,0.531
708,23.600,None,29,57,179,307,0.922
709,23.600,None,231,36,319,319,0.903
710,23.600,chair,0,254,35,319,0.582
711,23.700,None,30,55,178,308,0.929
712,23.700,None,230,31,320,320,0.897
713,23.700,chair,0,254,35,319,0.550
714,23.700,chair,175,263,212,319,0.350
715,23.833,None,228,8,320,319,0.809
716,23.833,chair,0,254,35,319,0.560
717,23.833,None,32,54,180,204,0.466
718,23.833,None,31,53,181,308,0.414
719,23.833,chair,175,263,211,319,0.405
720,24.000,None,36,54,181,309,0.915
721,24.000,None,225,0,320,318,0.900
722,24.000,chair,0,254,35,319,0.525
723,24.000,chair,174,263,212,319,0.375
724,24.133,None,222,0,319,319,0.924
725,24.133,None,39,56,181,308,0.815
726,24.133,chair,0,254,35,319,0.509
727,24.133,chair,174,263,212,319,0.407
728,24.267,None,220,0,320,317,0.924
729,24.267,None,41,59,180,309,0.546
730,24.267,chair,0,254,35,319,0.508
731,24.267,chair,173,263,213,319,0.390
732,24.267,None,42,59,179,209,0.374
733,24.433,None,220,0,320,318,0.921
734,24.433,None,43,64,179,308,0.631
735,24.433,chair,0,254,35,319,0.522
736,24.433,chair,174,262,213,319,0.372
737,24.567,None,42,68,180,309,0.917
738,24.567,None,219,0,319,318,0.848
739,24.567,chair,0,254,35,319,0.544
740,24.567,chair,174,262,213,319,0.410
741,24.700,None,40,70,182,310,0.937
742,24.700,None,218,0,319,318,0.917
743,24.700,chair,0,254,35,319,0.556
744,24.700,chair,174,262,212,319,0.402
745,24.833,None,37,72,186,310,0.940
746,24.833,None,218,1,319,319,0.888
747,24.833,chair,0,254,36,319,0.561
748,24.833,chair,175,263,212,319,0.423
749,24.967,None,32,73,190,309,0.948
750,24.967,None,218,15,317,319,0.915
751,24.967,chair,0,254,36,319,0.574
752,24.967,chair,175,263,212,319,0.462
753,25.100,None,30,72,192,309,0.948
754,25.100,None,218,37,317,319,0.926
755,25.100,chair,0,254,36,318,0.594
756,25.100,chair,175,263,212,319,0.480
757,25.233,None,218,42,315,319,0.925
758,25.233,None,23,68,194,309,0.920
759,25.233,chair,0,255,36,319,0.632
760,25.233,chair,174,263,212,319,0.484
761,25.367,None,220,46,311,320,0.937
762,25.367,None,20,64,194,309,0.874
763,25.367,chair,0,255,36,319,0.567
764,25.367,chair,175,262,212,319,0.413
765,25.500,None,221,49,309,320,0.933
766,25.500,None,19,60,192,310,0.825
767,25.500,chair,0,255,36,319,0.492
768,25.600,None,217,50,307,319,0.933
769,25.600,None,16,57,186,309,0.887
770,25.600,chair,0,254,36,319,0.498
771,25.700,None,209,49,305,320,0.933
772,25.700,None,24,56,173,309,0.820
773,25.700,chair,0,254,36,319,0.491
774,25.800,None,200,46,305,320,0.938
775,25.800,None,32,57,168,308,0.919
776,25.800,chair,0,254,35,318,0.562
777,25.900,None,39,59,157,307,0.932
778,25.900,chair,0,254,36,318,0.593
779,25.900,None,194,43,301,319,0.500
780,26.000,None,48,61,149,307,0.922
781,26.000,None,191,41,298,318,0.907
782,26.000,chair,0,254,36,318,0.529
783,26.100,None,54,65,144,307,0.919
784,26.100,None,184,39,297,318,0.898
785,26.100,chair,0,254,36,318,0.583
786,26.200,None,60,68,140,308,0.919
787,26.200,None,177,24,296,317,0.892
788,26.200,chair,0,254,36,318,0.584
789,26.300,None,65,70,137,308,0.926
790,26.300,None,176,9,294,317,0.874
791,26.300,chair,0,254,36,318,0.579
792,26.400,None,69,70,136,308,0.911
793,26.400,None,177,0,293,318,0.892
794,26.400,chair,0,254,35,319,0.549
795,26.500,None,180,0,292,319,0.907
796,26.500,None,70,70,137,308,0.885
797,26.500,chair,0,254,35,319,0.491
798,26.600,None,179,0,292,319,0.901
799,26.600,None,70,68,139,307,0.883
800,26.600,chair,0,254,35,318,0.513
801,26.700,None,70,67,141,308,0.892
802,26.700,None,184,9,293,319,0.852
803,26.700,chair,0,254,36,318,0.527
804,26.800,None,70,66,143,307,0.898
805,26.800,None,201,35,292,320,0.841
806,26.800,chair,0,254,36,318,0.492
807,26.900,None,70,63,144,307,0.887
808,26.900,None,204,69,293,319,0.871
809,26.900,chair,0,254,36,318,0.506
810,27.000,None,72,62,147,307,0.905
811,27.000,None,193,74,296,319,0.836
812,27.000,chair,0,254,36,318,0.492
813,27.100,None,74,61,149,306,0.907
814,27.100,None,187,75,290,319,0.904
815,27.100,chair,0,254,36,318,0.501
816,27.200,None,76,61,151,306,0.915
817,27.200,None,189,75,287,319,0.913
818,27.200,chair,0,254,35,318,0.512
819,27.300,None,78,61,152,306,0.931
820,27.300,chair,0,254,36,318,0.570
821,27.300,None,202,72,286,319,0.568
822,27.400,None,208,68,287,319,0.927
823,27.400,None,79,62,153,307,0.894
824,27.400,chair,0,254,36,319,0.454
825,27.500,None,202,63,287,319,0.920
826,27.500,None,79,63,156,306,0.902
827,27.567,None,194,58,288,319,0.923
828,27.567,None,76,64,157,307,0.918
829,27.567,chair,0,254,35,318,0.408
830,27.667,None,188,54,289,319,0.923
831,27.667,None,72,65,159,307,0.919
832,27.667,chair,0,254,36,319,0.354
833,27.767,None,184,52,292,319,0.927
834,27.767,None,69,65,161,306,0.925
835,27.767,chair,0,254,36,319,0.404
836,27.867,None,181,52,297,320,0.929
837,27.867,None,66,66,164,305,0.926
838,27.867,chair,0,254,36,319,0.470
839,27.967,None,66,65,165,304,0.920
840,27.967,None,183,53,297,319,0.905
841,27.967,chair,0,253,36,318,0.413
842,28.067,None,68,63,167,304,0.916
843,28.067,None,177,53,293,318,0.869
844,28.133,None,72,60,168,305,0.918
845,28.133,None,179,57,292,318,0.896
846,28.133,chair,0,254,35,319,0.451
847,28.233,None,74,59,168,307,0.922
848,28.233,None,188,60,288,320,0.910
849,28.233,chair,0,254,36,319,0.516
850,28.333,None,74,57,168,308,0.923
851,28.333,None,188,63,285,320,0.910
852,28.333,chair,0,254,36,319,0.506
853,28.433,None,74,55,167,308,0.924
854,28.433,None,191,66,279,320,0.907
855,28.433,chair,0,254,36,319,0.454
856,28.533,None,72,53,168,307,0.928
857,28.533,None,192,68,276,320,0.909
858,28.533,chair,0,253,36,319,0.464
859,28.633,None,70,53,167,307,0.928
860,28.633,None,198,72,272,319,0.881
861,28.633,chair,0,254,36,319,0.479
862,28.733,None,69,53,166,307,0.933
863,28.733,None,203,76,272,319,0.895
864,28.733,chair,0,254,35,319,0.502
865,28.833,None,67,54,165,306,0.932
866,28.833,None,204,79,269,320,0.874
867,28.833,chair,0,254,35,319,0.530
868,28.933,None,67,53,163,306,0.928
869,28.933,None,205,79,269,320,0.872
870,28.933,chair,0,254,36,319,0.545
871,29.033,None,65,53,160,306,0.929
872,29.033,None,207,75,272,320,0.889
873,29.033,chair,0,254,37,318,0.523
874,29.133,None,64,53,157,306,0.934
875,29.133,None,206,68,269,318,0.866
876,29.133,chair,0,254,37,318,0.513
877,29.233,None,60,53,155,306,0.935
878,29.233,None,201,61,270,320,0.877
879,29.233,chair,0,254,37,318,0.560
880,29.333,None,58,52,152,307,0.933
881,29.333,None,197,56,277,320,0.897
882,29.333,chair,0,254,37,318,0.563
883,29.433,None,44,53,149,318,0.939
884,29.433,None,193,52,276,320,0.907
885,29.433,chair,0,254,37,318,0.549
886,29.533,None,54,53,146,308,0.920
887,29.533,None,190,49,277,320,0.900
888,29.533,chair,0,253,37,318,0.596
889,29.633,None,53,52,143,306,0.910
890,29.633,None,189,48,265,317,0.516
891,29.633,chair,0,253,37,319,0.452
892,29.733,None,49,52,140,306,0.897
893,29.733,None,188,48,273,269,0.826
894,29.733,chair,0,254,39,319,0.527
895,29.833,None,187,51,275,320,0.919
896,29.833,None,46,51,135,312,0.909
897,29.833,chair,0,253,38,318,0.446
898,29.933,None,188,53,276,320,0.917
899,29.933,None,46,51,131,312,0.906
900,29.933,chair,0,253,38,318,0.480
901,30.033,None,190,57,276,320,0.917
902,30.033,None,45,50,128,310,0.899
903,30.033,chair,0,253,37,319,0.522
904,30.133,None,190,61,279,319,0.916
905,30.133,None,46,48,123,310,0.894
906,30.133,chair,0,254,37,318,0.550
907,30.233,None,190,66,279,320,0.911
908,30.233,None,48,46,122,309,0.888
909,30.233,chair,0,254,38,319,0.517
910,30.333,None,190,69,282,319,0.923
911,30.333,None,42,44,118,313,0.905
912,30.333,chair,0,253,37,319,0.455
913,30.433,None,190,70,280,319,0.926
914,30.433,None,36,43,116,311,0.904
915,30.433,chair,0,253,37,319,0.469
916,30.533,None,188,71,277,319,0.929
917,30.533,None,30,42,113,309,0.913
918,30.533,chair,0,254,37,319,0.407
919,30.633,None,185,69,277,319,0.935
920,30.633,None,24,41,112,310,0.913
921,30.633,chair,0,253,37,319,0.425
922,30.733,None,182,68,278,319,0.924
923,30.733,None,14,41,112,311,0.916
924,30.733,chair,0,253,37,319,0.400
925,30.833,None,173,68,280,319,0.926
926,30.833,None,2,41,111,312,0.925
927,30.833,chair,0,254,36,318,0.367
928,30.933,None,0,41,110,308,0.922
929,30.933,None,160,67,282,318,0.902
930,30.933,chair,0,253,36,319,0.382
931,31.033,None,147,67,284,319,0.929
932,31.033,None,0,40,110,314,0.928
933,31.033,chair,0,253,36,319,0.354
934,31.133,None,140,67,286,319,0.925
935,31.133,None,0,39,110,314,0.904
936,31.133,chair,0,254,35,319,0.397
937,31.233,None,0,38,110,315,0.939
938,31.233,None,128,68,286,319,0.924
939,31.233,chair,0,253,35,319,0.395
940,31.333,None,0,38,109,316,0.934
941,31.333,None,125,69,290,319,0.929
942,31.400,None,116,70,291,319,0.930
943,31.400,None,0,36,109,315,0.927
944,31.467,None,119,72,292,319,0.940
945,31.467,None,0,36,107,318,0.933
946,31.467,chair,0,254,36,319,0.414
947,31.567,None,0,36,106,318,0.932
948,31.567,None,120,74,291,319,0.660
949,31.567,chair,0,254,36,319,0.391
950,31.667,None,0,35,105,319,0.938
951,31.667,None,118,75,290,319,0.928
952,31.667,chair,0,254,36,319,0.359
953,31.767,None,117,75,289,319,0.945
954,31.767,None,0,36,105,316,0.928
955,31.767,chair,0,253,37,319,0.360
956,31.867,None,118,75,288,319,0.942
957,31.867,None,0,35,104,313,0.928
958,31.933,None,0,35,106,319,0.939
959,31.933,None,117,75,285,319,0.936
960,32.000,None,116,73,282,319,0.938
961,32.000,None,0,33,106,318,0.924
962,32.067,None,118,73,282,319,0.934
963,32.067,None,0,31,107,318,0.928
964,32.133,None,118,72,281,319,0.929
965,32.133,None,0,31,107,318,0.929
966,32.200,None,0,29,108,319,0.933
967,32.200,None,116,71,281,319,0.920
968,32.267,None,0,28,108,320,0.935
969,32.267,None,118,70,280,318,0.913
970,32.333,None,0,28,108,319,0.933
971,32.333,None,117,70,279,319,0.926
972,32.400,None,0,27,108,319,0.936
973,32.400,None,118,70,277,319,0.927
974,32.467,None,0,27,108,319,0.938
975,32.467,None,124,70,277,319,0.931
976,32.533,None,0,24,108,318,0.936
977,32.533,None,124,67,275,320,0.925
978,32.600,None,1,20,107,317,0.938
979,32.600,None,126,64,276,320,0.928
980,32.667,None,2,15,107,318,0.934
981,32.667,None,127,67,266,320,0.851
982,32.733,None,3,15,106,318,0.934
983,32.733,None,130,64,263,320,0.913
984,32.800,None,4,13,104,318,0.934
985,32.800,None,135,66,260,319,0.916
986,32.867,None,2,10,103,319,0.937
987,32.867,None,136,68,257,319,0.921
988,32.933,None,2,8,103,319,0.943
989,32.933,None,138,68,255,319,0.925
990,33.000,None,2,6,101,319,0.945
991,33.000,None,139,68,254,319,0.928
992,33.067,None,1,4,100,319,0.947
993,33.067,None,139,66,253,319,0.930
994,33.133,None,0,3,98,319,0.945
995,33.133,None,140,61,252,319,0.929
996,33.200,None,0,2,96,318,0.945
997,33.200,None,140,56,251,319,0.922
998,33.267,None,0,2,94,318,0.946
999,33.267,None,140,48,249,319,0.922
1000,33.333,None,0,1,93,318,0.929
1001,33.333,None,140,42,248,318,0.909
1002,33.400,None,0,0,89,319,0.935
1003,33.400,None,141,36,247,316,0.853
1004,33.467,None,0,0,86,319,0.936
1005,33.467,None,141,32,246,316,0.858
1006,33.533,None,0,0,83,318,0.934
1007,33.533,None,143,29,245,319,0.928
1008,33.600,None,0,1,81,319,0.932
1009,33.600,None,143,27,245,319,0.929
1010,33.667,None,144,28,246,319,0.926
1011,33.667,None,0,5,79,318,0.919
1012,33.733,None,145,30,247,319,0.932
1013,33.733,None,0,6,77,319,0.929
1014,33.800,None,147,32,248,319,0.933
1015,33.800,None,0,4,75,319,0.928
1016,33.867,None,150,35,250,319,0.932
1017,33.867,None,0,3,73,319,0.920
1018,33.933,None,153,37,252,319,0.930
1019,33.933,None,0,1,72,320,0.568
1020,34.000,None,158,38,254,319,0.929
1021,34.000,None,0,0,71,320,0.928
1022,34.067,None,0,0,70,320,0.929
1023,34.067,None,161,38,256,319,0.927
1024,34.133,None,166,39,257,319,0.922
1025,34.133,None,0,0,69,320,0.920
1026,34.200,None,166,39,259,319,0.926
1027,34.200,None,0,0,69,320,0.920
1028,34.267,None,167,39,261,318,0.923
1029,34.267,None,0,0,69,320,0.916
1030,34.333,None,166,39,264,319,0.923
1031,34.333,None,0,0,69,320,0.918
1032,34.400,None,166,40,265,319,0.921
1033,34.400,None,0,0,69,320,0.918
1034,34.467,None,0,0,70,320,0.915
1035,34.467,None,171,46,266,319,0.911
1036,34.533,None,0,0,70,320,0.911
1037,34.533,None,172,51,267,319,0.899
1038,34.600,None,0,0,71,320,0.909
1039,34.600,None,180,63,279,319,0.592
1040,34.667,None,0,0,69,320,0.906
1041,34.667,None,184,63,277,319,0.873
1042,34.733,None,0,0,68,318,0.914
1043,34.733,None,186,62,273,319,0.878
1044,34.800,None,0,0,69,318,0.916
1045,34.800,None,186,62,276,319,0.873
1046,34.867,None,0,0,70,318,0.918
1047,34.867,None,181,61,273,319,0.860
1048,34.933,None,0,0,71,318,0.922
1049,34.933,None,180,62,269,319,0.895
1050,35.000,None,0,1,71,318,0.917
1051,35.000,None,181,61,268,319,0.906
1052,35.067,None,0,1,72,318,0.916
1053,35.067,None,183,61,268,319,0.899
1054,35.133,None,0,2,73,318,0.921
1055,35.133,None,187,60,269,319,0.902
1056,35.200,None,0,4,74,318,0.925
1057,35.200,None,191,60,270,319,0.907
1058,35.267,None,0,6,75,318,0.925
1059,35.267,None,195,60,270,319,0.903
1060,35.333,None,0,8,75,317,0.925
1061,35.333,None,203,60,272,319,0.882
1062,35.400,None,0,10,76,317,0.922
1063,35.400,None,208,62,274,319,0.899
1064,35.467,None,0,12,77,317,0.924
1065,35.467,None,212,64,281,320,0.919
1066,35.533,None,0,14,78,317,0.927
1067,35.533,None,214,64,285,320,0.916
1068,35.600,None,0,16,78,318,0.933
1069,35.600,None,216,66,288,319,0.925
1070,35.667,None,0,17,79,319,0.933
1071,35.667,None,217,68,291,319,0.921
1072,35.733,None,0,19,79,319,0.932
1073,35.733,None,219,68,296,320,0.926
1074,35.800,None,0,19,79,320,0.933
1075,35.800,None,221,68,299,320,0.925
1076,35.867,None,1,20,80,320,0.931
1077,35.867,None,222,68,302,319,0.913
1078,35.933,None,1,21,80,319,0.924
1079,35.933,None,223,67,304,318,0.911
1080,36.000,None,224,66,307,319,0.918
1081,36.000,None,2,22,80,317,0.909
1082,36.067,None,225,65,309,319,0.915
1083,36.067,None,5,22,81,316,0.908
1084,36.133,None,227,65,310,319,0.910
1085,36.133,None,6,23,81,316,0.908
1086,36.200,None,228,65,310,319,0.909
1087,36.200,None,7,23,83,316,0.903
1088,36.267,None,229,64,310,319,0.906
1089,36.267,None,8,24,83,316,0.902
1090,36.333,None,227,64,309,319,0.916
1091,36.333,None,9,24,84,314,0.908
1092,36.400,None,226,63,308,319,0.917
1093,36.400,None,11,24,84,316,0.906
1094,36.467,None,226,63,306,319,0.924
1095,36.467,None,13,24,84,315,0.912
1096,36.533,None,228,62,305,319,0.930
1097,36.533,None,13,24,85,318,0.920
1098,36.600,None,228,61,304,319,0.932
1099,36.600,None,13,23,86,313,0.929
1100,36.667,None,230,60,304,319,0.930
1101,36.667,None,14,23,86,317,0.788
1102,36.667,None,14,23,86,318,0.443
1103,36.767,None,231,59,305,319,0.930
1104,36.767,None,15,23,87,315,0.870
1105,36.833,None,233,57,307,319,0.919
1106,36.833,None,15,23,88,312,0.890
1107,36.900,None,233,55,308,320,0.920
1108,36.900,None,16,23,90,314,0.897
1109,36.967,None,233,53,311,320,0.913
1110,36.967,None,16,23,91,313,0.880
1111,37.033,None,233,52,314,319,0.908
1112,37.033,None,17,23,92,313,0.897
1113,37.100,None,234,50,316,319,0.893
1114,37.100,None,18,23,92,313,0.888
1115,37.100,chair,0,255,32,319,0.404
1116,37.200,None,243,49,319,319,0.883
1117,37.200,None,20,23,93,313,0.845
1118,37.200,chair,0,255,32,319,0.410
1119,37.300,None,247,47,319,319,0.904
1120,37.300,None,21,23,94,311,0.874
1121,37.367,None,248,46,319,319,0.899
1122,37.367,None,22,23,94,311,0.881
1123,37.433,None,250,45,319,320,0.913
1124,37.433,None,23,23,95,311,0.881
1125,37.500,None,251,44,319,320,0.913
1126,37.500,None,24,25,96,312,0.891
1127,37.500,chair,0,254,33,319,0.415
1128,37.600,None,252,43,319,320,0.915
1129,37.600,None,25,25,97,312,0.907
1130,37.600,chair,0,254,34,319,0.456
1131,37.700,None,253,42,319,320,0.918
1132,37.700,None,27,27,97,313,0.902
1133,37.700,chair,0,254,34,319,0.428
1134,37.800,None,253,40,319,320,0.920
1135,37.800,None,28,29,99,314,0.902
1136,37.800,chair,0,254,34,319,0.481
1137,37.900,None,253,40,319,320,0.917
1138,37.900,None,30,31,99,314,0.904
1139,37.900,chair,0,254,35,319,0.387
1140,38.000,None,253,39,319,320,0.917
1141,38.000,None,31,32,98,312,0.904
1142,38.000,chair,0,254,35,319,0.406
1143,38.100,None,253,38,319,320,0.917
1144,38.100,None,32,35,98,315,0.904
1145,38.100,chair,0,254,36,319,0.352
1146,38.200,None,254,38,319,320,0.918
1147,38.200,None,32,38,97,312,0.900
1148,38.200,chair,0,254,37,319,0.387
1149,38.300,None,253,38,319,320,0.916
1150,38.300,None,33,40,97,311,0.899
1151,38.300,chair,0,253,37,319,0.390
1152,38.400,None,254,37,319,319,0.914
1153,38.400,None,34,44,95,316,0.888
1154,38.467,None,254,37,319,319,0.915
1155,38.467,None,35,48,95,314,0.885
1156,38.467,chair,0,254,37,319,0.377
1157,38.567,None,254,37,319,319,0.915
1158,38.567,None,36,51,96,316,0.887
1159,38.633,None,254,37,319,320,0.916
1160,38.633,None,37,53,97,313,0.878
1161,38.633,chair,0,254,37,319,0.490
1162,38.733,None,254,37,319,320,0.916
1163,38.733,None,38,56,99,307,0.850
1164,38.733,chair,0,254,38,319,0.444
1165,38.833,None,254,38,319,319,0.917
1166,38.833,None,39,58,101,306,0.800
1167,38.833,chair,0,254,38,319,0.487
1168,38.933,None,253,38,319,319,0.919
1169,38.933,None,40,60,102,310,0.745
1170,38.933,chair,0,254,38,319,0.419
1171,39.033,None,253,38,319,320,0.919
1172,39.033,None,41,61,104,309,0.643
1173,39.033,chair,0,254,37,319,0.420
1174,39.133,None,253,39,319,320,0.919
1175,39.133,None,41,63,104,311,0.854
1176,39.133,chair,0,254,37,319,0.499
1177,39.233,None,252,39,319,320,0.917
1178,39.233,None,42,63,105,314,0.861
1179,39.233,chair,0,254,38,319,0.549
1180,39.333,None,252,40,319,320,0.916
1181,39.333,None,44,65,105,305,0.842
1182,39.333,chair,0,254,39,319,0.577
1183,39.433,None,251,41,319,320,0.914
1184,39.433,None,46,65,106,305,0.838
1185,39.433,chair,0,254,38,319,0.576
1186,39.533,None,250,41,319,320,0.915
1187,39.533,None,46,66,106,315,0.874
1188,39.533,chair,0,254,38,319,0.517
1189,39.533,couch,0,254,38,319,0.429
1190,39.667,None,249,43,319,320,0.915
1191,39.667,None,46,66,106,306,0.882
1192,39.667,chair,0,254,38,319,0.576
1193,39.667,couch,0,254,38,319,0.354
1194,39.800,None,248,43,319,320,0.915
1195,39.800,None,46,66,107,313,0.878
1196,39.800,chair,0,254,38,319,0.546
1197,39.800,couch,0,254,38,319,0.378
1198,39.933,None,247,44,319,320,0.914
1199,39.933,None,46,66,108,318,0.883
1200,39.933,chair,0,254,38,319,0.591
1201,40.033,None,245,45,319,320,0.910
1202,40.033,None,47,66,108,315,0.886
1203,40.033,chair,0,254,38,319,0.651
1204,40.133,None,245,46,319,319,0.908
1205,40.133,None,47,66,109,308,0.890
1206,40.133,chair,0,254,38,319,0.666
1207,40.233,None,47,66,111,306,0.897
1208,40.233,None,240,47,319,319,0.893
1209,40.233,chair,0,254,38,319,0.657
1210,40.333,None,48,66,113,307,0.902
1211,40.333,None,238,47,318,319,0.896
1212,40.333,chair,0,254,38,319,0.660
1213,40.433,None,49,66,116,307,0.918
1214,40.433,None,237,48,316,319,0.868
1215,40.433,chair,0,254,38,319,0.617
1216,40.533,None,238,49,316,319,0.866
1217,40.533,None,49,66,119,307,0.852
1218,40.533,chair,0,254,38,319,0.596
1219,40.533,None,49,66,119,307,0.357
1220,40.667,None,50,66,121,306,0.900
1221,40.667,None,240,50,316,319,0.889
1222,40.667,chair,0,255,38,318,0.623
1223,40.767,None,51,65,123,306,0.898
1224,40.767,None,238,50,316,319,0.883
1225,40.767,chair,0,255,38,318,0.598
1226,40.867,None,52,65,126,307,0.900
1227,40.867,None,238,51,315,319,0.879
1228,40.867,chair,0,254,37,318,0.543
1229,40.967,None,54,65,128,308,0.899
1230,40.967,None,236,51,315,319,0.869
1231,40.967,chair,0,254,37,318,0.597
1232,41.067,None,56,64,129,309,0.900
1233,41.067,None,233,52,317,319,0.868
1234,41.067,chair,0,255,37,318,0.610
1235,41.167,None,58,64,130,308,0.900
1236,41.167,None,233,53,318,319,0.884
1237,41.167,chair,0,254,37,318,0.611
1238,41.267,None,60,62,130,309,0.907
1239,41.267,None,232,54,318,319,0.889
1240,41.267,chair,0,254,37,318,0.607
1241,41.367,None,64,61,131,308,0.905
1242,41.367,None,230,55,318,320,0.893
1243,41.367,chair,0,254,37,318,0.627
1244,41.467,None,65,60,131,308,0.902
1245,41.467,None,229,55,318,319,0.899
1246,41.467,chair,0,254,38,318,0.583
1247,41.567,None,229,56,318,319,0.900
1248,41.567,None,67,59,132,308,0.899
1249,41.567,chair,0,254,38,318,0.592
1250,41.667,None,229,56,318,319,0.903
1251,41.667,None,69,59,132,308,0.896
1252,41.667,chair,0,254,38,318,0.573
1253,41.767,None,229,56,319,319,0.903
1254,41.767,None,71,58,132,308,0.887
1255,41.767,chair,0,254,38,318,0.589
1256,41.867,None,229,56,319,319,0.904
1257,41.867,None,73,57,133,307,0.883
1258,41.867,chair,0,254,38,318,0.574
1259,41.967,None,229,56,319,319,0.904
1260,41.967,None,74,57,135,308,0.883
1261,41.967,chair,0,254,38,318,0.588
1262,42.067,None,229,56,319,319,0.906
1263,42.067,None,75,57,142,307,0.880
1264,42.067,chair,0,254,38,318,0.595
